// Jest Snapshot v1, https://goo.gl/fbAQLP

exports[`complex 1`] = `
Object {
  "children": Array [
    Object {
      "children": Array [
        Object {
          "content": "NewProject that should be parsed
",
          "kind": "file",
          "name": "NewProject-a.md",
          "path": "NewProject/NewProject-a.md",
          "size": 33,
        },
        Object {
          "content": "{{template.name}} that shouldnt be parsed
",
          "kind": "file",
          "name": "NewProject-b.md",
          "path": "NewProject/NewProject-b.md",
          "size": 42,
        },
        Object {
          "content": "file c content
",
          "kind": "file",
          "name": "file-c.md",
          "path": "NewProject/file-c.md",
          "size": 15,
        },
      ],
      "kind": "directory",
      "name": "NewProject",
      "path": "NewProject",
    },
    Object {
      "children": Array [
        Object {
          "content": "",
          "kind": "file",
          "name": ".hidden.json",
          "path": "folder-b/.hidden.json",
          "size": 0,
        },
        Object {
          "content": "",
          "kind": "file",
          "name": "NewProject-folder-c",
          "path": "folder-b/NewProject-folder-c",
          "size": 0,
        },
        Object {
          "children": Array [
            Object {
              "content": "{{template.name}} should be replaced. file-e
",
              "kind": "file",
              "name": "file-e.md",
              "path": "folder-b/NewProject-folder-d/file-e.md",
              "size": 45,
            },
          ],
          "kind": "directory",
          "name": "NewProject-folder-d",
          "path": "folder-b/NewProject-folder-d",
        },
        Object {
          "content": "file d content
",
          "kind": "file",
          "name": "file-d.md",
          "path": "folder-b/file-d.md",
          "size": 15,
        },
      ],
      "kind": "directory",
      "name": "folder-b",
      "path": "folder-b",
    },
  ],
  "kind": "directory",
  "name": "output-complex",
  "path": "",
}
`;
